../Core/Src/main.c:41:6:delay	16	static
../Core/Src/main.c:136:5:main	8	static
../Core/Src/main.c:231:6:SystemClock_Config	88	static
../Core/Src/main.c:278:13:MX_TIM2_Init	64	static
../Core/Src/main.c:337:13:MX_TIM3_Init	32	static
../Core/Src/main.c:383:13:MX_USART1_UART_Init	8	static
../Core/Src/main.c:416:13:MX_USART2_UART_Init	8	static
../Core/Src/main.c:449:13:MX_GPIO_Init	40	static
../Core/Src/main.c:525:9:FindFingerprint	32	static
../Core/Src/main.c:589:6:DeleteFinger	16	static
../Core/Src/main.c:632:6:InputFinger	8	static
../Core/Src/main.c:662:6:EnrollFinger	32	static
../Core/Src/main.c:720:13:PacketInit	40	static
../Core/Src/main.c:744:13:WriteStructuredPacket	24	static
../Core/Src/main.c:783:16:GetStructuredPacket	16	static
../Core/Src/main.c:855:9:AS608_GetImage	16	static
../Core/Src/main.c:872:9:AS608_Image2Tz	24	static
../Core/Src/main.c:884:9:AS608_CreateModel	16	static
../Core/Src/main.c:897:9:AS608_EmptyDatabase	16	static
../Core/Src/main.c:903:9:AS608_TEMPLATECOUNT	16	static
../Core/Src/main.c:918:9:AS608_StoreModel	24	static
../Core/Src/main.c:930:9:AS608_LoadModel	24	static
../Core/Src/main.c:941:9:AS608_GetModel	16	static
../Core/Src/main.c:956:9:AS608_DeleteModel	24	static
../Core/Src/main.c:970:9:AS608_FingerFastSearch	24	static
../Core/Src/main.c:982:6:HAL_UART_TxCpltCallback	16	static
../Core/Src/main.c:987:6:HAL_UART_RxCpltCallback	16	static
../Core/Src/main.c:1025:6:HAL_GPIO_EXTI_Callback	16	static
../Core/Src/main.c:1132:6:send_to_lcd	16	static
../Core/Src/main.c:1154:6:lcd_send_cmd	24	static
../Core/Src/main.c:1166:6:lcd_send_data	24	static
../Core/Src/main.c:1177:6:lcd_clear	8	static
../Core/Src/main.c:1183:6:lcd_put_cur	16	static
../Core/Src/main.c:1197:6:lcd_init	8	static
../Core/Src/main.c:1223:6:lcd_send_string	16	static
../Core/Src/main.c:1228:6:playTone	16	static
../Core/Src/main.c:1246:6:stopTone	8	static
../Core/Src/main.c:1253:6:eraseFlashSector	48	static
../Core/Src/main.c:1287:6:Error_Handler	4	static,ignoring_inline_asm
